PASS  palette_compact_abort: assertions satisfied
PASS  theme_preview_field_persistence: assertions satisfied
PASS  invalid_setting_recovery: assertions satisfied
PASS  missing_source_apply: assertions satisfied
PASS  external_config_error_recovery: assertions satisfied
PASS  named_presets: assertions satisfied
PASS  shipped_presets_save_defaults: assertions satisfied
PASS  dynamic_binding_reader_timer: assertions satisfied
PASS  exact_controls_palette: assertions satisfied
PASS  missed_practice_return: assertions satisfied
PASS  practice_ineligible_reason: assertions satisfied
PASS  current_private_review: assertions satisfied
PASS  private_preset_lock: assertions satisfied
PASS  historical_custom_privacy: assertions satisfied
PASS  history_filters_enhanced_original: assertions satisfied
PASS  storage_recovery_retry: assertions satisfied
PASS  history_classification_filters: assertions satisfied
PASS  practice_later_privacy_theme: assertions satisfied
PASS  personal_best_pace: assertions satisfied
PASS  unsaved_across_results_and_quit: assertions satisfied
PASS  historical_explicit_trace_diff: assertions satisfied
PASS  result_details_slow_selection: assertions satisfied
PASS  private_trace_opt_in_suppression: assertions satisfied
PASS  doctor_explicit_probe: assertions satisfied
PASS  overload_verdict_after_storage_ack: assertions satisfied
