PASS    ctrl_c_cleanup: assertions satisfied
PASS    invalid_source_before_raw: assertions satisfied
PASS    invalid_config_before_raw: assertions satisfied
PASS    invalid_arguments_before_raw: assertions satisfied
PASS    no_controlling_terminal: assertions satisfied
PASS    first_key_focus_json: assertions satisfied
PASS    first_input_without_ready_wait: assertions satisfied
PASS    exact_confirm: assertions satisfied
PASS    stdin_keyboard_separation: assertions satisfied
PASS    paste_atomic: assertions satisfied
PASS    deadline_duration: assertions satisfied
PASS    challenge_failure_once: assertions satisfied
PASS    resize_preserves_run: assertions satisfied
PASS    too_small_interrupt: assertions satisfied
PASS    small_ready_focus_mouse: assertions satisfied
PASS    ignored_ready_no_redraw: assertions satisfied
PASS    restart_epoch: assertions satisfied
PASS    repeat_practice: assertions satisfied
PASS    associated_text: assertions satisfied
PASS    malformed_associated_text: assertions satisfied
PASS    sigint_cleanup: assertions satisfied
PASS    sigterm_cleanup: assertions satisfied
PASS    sighup_cleanup: assertions satisfied
PASS    sigtstp_cleanup: assertions satisfied
PASS    panic_cleanup: assertions satisfied
PASS    error_cleanup: assertions satisfied
PASS    overload_after_completion: assertions satisfied
