   Compiling proc-macro2 v1.0.107
   Compiling quote v1.0.47
   Compiling unicode-ident v1.0.24
   Compiling libc v0.2.189
    Checking cfg-if v1.0.4
   Compiling syn v3.0.5
   Compiling syn v2.0.119
    Checking foldhash v0.2.0
    Checking allocator-api2 v0.2.21
    Checking equivalent v1.0.2
    Checking bitflags v2.13.1
   Compiling heck v0.5.0
   Compiling serde_core v1.0.229
   Compiling rustversion v1.0.23
   Compiling rustix v1.1.4
    Checking hashbrown v0.17.1
    Checking hashbrown v0.16.1
   Compiling thiserror v2.0.20
   Compiling ident_case v1.0.1
    Checking itoa v1.0.18
   Compiling strsim v0.11.1
    Checking linux-raw-sys v0.12.1
   Compiling version_check v0.9.5
   Compiling generic-array v0.14.7
   Compiling darling_core v0.24.1
   Compiling thiserror-impl v2.0.20
    Checking errno v0.3.14
    Checking either v1.18.0
    Checking ryu v1.0.23
   Compiling signal-hook v0.3.18
   Compiling thiserror v1.0.69
   Compiling unicode-segmentation v1.13.3
   Compiling parking_lot_core v0.9.12
    Checking utf8parse v0.2.2
    Checking smallvec v1.16.0
    Checking anstyle-parse v1.0.0
   Compiling convert_case v0.10.0
    Checking itertools v0.14.0
    Checking signal-hook-registry v1.4.8
   Compiling darling_macro v0.24.1
    Checking castaway v0.2.4
   Compiling strum_macros v0.28.0
   Compiling thiserror-impl v1.0.69
    Checking anstyle-query v1.1.5
    Checking colorchoice v1.0.5
    Checking scopeguard v1.2.0
   Compiling getrandom v0.3.4
    Checking is_terminal_polyfill v1.70.2
    Checking log v0.4.34
   Compiling shlex v2.0.1
    Checking unicode-width v0.2.2
   Compiling instability v0.3.13
    Checking typenum v1.20.1
    Checking static_assertions v1.1.0
   Compiling find-msvc-tools v0.1.12
    Checking anstyle v1.0.14
    Checking anstream v1.0.0
   Compiling cc v1.4.5
    Checking compact_str v0.9.1
    Checking unicode-truncate v2.0.1
    Checking mio v1.2.3
    Checking strum v0.28.0
    Checking lock_api v0.4.14
   Compiling darling v0.24.1
    Checking kasuari v0.4.12
   Compiling derive_more-impl v2.1.1
    Checking lru v0.18.4
   Compiling vcpkg v0.2.15
   Compiling indoc v2.0.7
    Checking clap_lex v1.1.0
   Compiling pkg-config v0.3.34
   Compiling litrs v1.0.0
   Compiling document-features v0.2.12
   Compiling libsqlite3-sys v0.37.0
    Checking clap_builder v4.6.6
    Checking derive_more v2.1.1
    Checking ratatui-core v0.1.2
    Checking parking_lot v0.12.5
    Checking signal-hook-mio v0.2.5
    Checking filedescriptor v0.8.3
   Compiling clap_derive v4.6.4
   Compiling zmij v1.0.23
   Compiling getrandom v0.4.3
    Checking memchr v2.8.3
   Compiling zerocopy v0.8.56
   Compiling cfg_aliases v0.2.2
    Checking winnow v1.0.4
    Checking toml_parser v1.1.3+spec-1.1.0
   Compiling nix v0.30.1
    Checking clap v4.6.6
    Checking rand_core v0.9.5
    Checking crossterm v0.29.0 (/Users/james/Desktop/u/typing_test_gpt6astra/vendor/crossterm)
    Checking block-buffer v0.10.4
    Checking crypto-common v0.1.7
    Checking toml_datetime v0.7.5+spec-1.1.0
    Checking line-clipping v0.3.8
   Compiling autocfg v1.5.1
   Compiling serde_json v1.0.151
   Compiling serde v1.0.229
    Checking option-ext v0.2.0
    Checking winnow v0.7.15
    Checking toml_writer v1.1.2+spec-1.1.0
    Checking tinyvec_macros v0.1.1
    Checking tinyvec v1.13.2
    Checking dirs-sys v0.5.0
   Compiling num-traits v0.2.19
    Checking ratatui-widgets v0.3.2
    Checking digest v0.10.7
    Checking ratatui-crossterm v0.1.2
    Checking csv-core v0.1.13
    Checking hashlink v0.11.1
    Checking indexmap v2.14.2
    Checking serde_spanned v1.1.1
   Compiling serde_derive v1.0.229
    Checking fallible-streaming-iterator v0.1.9
    Checking fastrand v2.5.0
    Checking fallible-iterator v0.3.0
    Checking roff v1.1.1
    Checking once_cell v1.21.4
    Checking cpufeatures v0.2.17
    Checking sha2 v0.10.9
    Checking tempfile v3.27.0
    Checking clap_mangen v0.2.33
    Checking rusqlite v0.39.0
    Checking ppv-lite86 v0.2.21
    Checking toml v0.9.12+spec-1.1.0
    Checking toml_edit v0.23.10+spec-1.0.0
    Checking csv v1.4.0
    Checking ratatui v0.30.2
    Checking directories v6.0.0
    Checking unicode-normalization v0.1.25
    Checking clap_complete v4.6.9
    Checking wait-timeout v0.2.1
    Checking fnv v1.0.7
    Checking quick-error v1.2.3
    Checking bit-vec v0.8.0
    Checking rusty-fork v0.3.1
    Checking bit-set v0.8.0
    Checking rand_chacha v0.9.0
    Checking rand_xorshift v0.4.0
    Checking rand v0.9.5
    Checking regex-syntax v0.8.11
    Checking unarray v0.1.4
    Checking typ-local v1.0.0 (/Users/james/Desktop/u/typing_test_gpt6astra)
    Checking proptest v1.11.0
    Checking allocation-counter v0.8.1
    Finished `dev` profile [unoptimized + debuginfo] target(s) in 29.78s
