debug2: fd 6 setting O_NONBLOCK
debug1: Bind to port 59574 on 127.0.0.1.
Server listening on 127.0.0.1 port 59574.
debug1: fd 7 clearing O_NONBLOCK
debug2: fd 8 setting O_NONBLOCK
debug1: Forked child 22063.
debug1: rexec start in 7 out 7 newsock 7 config_s 8/9
debug1: sshd-session version OpenSSH_10.3, LibreSSL 3.3.6
debug2: server_accept_loop: child 22063 for connection from 127.0.0.1 to 127.0.0.1 received config
debug1: network sockets: 8, 8
debug2: fd 8 setting TCP_NODELAY
debug3: set_sock_tos: set socket 8 IP_TOS 0xb8
debug3: server_process_channel_timeouts: setting 0 timeouts
debug3: channel_clear_timeouts: clearing
debug3: BSM audit: connection from 127.0.0.1 port 59576
debug3: BSM audit: iptype 4 machine ID 0100007f 00000000 00000000 00000000
Connection from 127.0.0.1 port 59576 on 127.0.0.1 port 59574
debug2: fd 8 setting O_NONBLOCK
debug2: Network child is on pid 22065
debug3: preauth child monitor started
debug3: mm_request_receive: entering
debug3: monitor_read: checking request 51
debug1: mm_answer_state: config len 470
debug3: mm_request_send: entering, type 52
debug3: mm_answer_state: done
debug2: monitor_read: 51 used once, disabling now
debug1: sshd-auth version OpenSSH_10.3, LibreSSL 3.3.6 [preauth]
debug3: server_process_channel_timeouts: setting 0 timeouts [preauth]
debug3: channel_clear_timeouts: clearing [preauth]
debug3: fd 5 is O_NONBLOCK [preauth]
debug3: ssh_sandbox_init: preparing Darwin sandbox [preauth]
debug3: ssh_sandbox_child: starting Darwin sandbox [preauth]
debug1: list_hostkey_types: ssh-ed25519 [preauth]
debug1: Local version string SSH-2.0-OpenSSH_10.3 [preauth]
kex_exchange_identification: Connection closed by remote host [preauth]
Connection closed by 127.0.0.1 port 59576 [preauth]
debug1: monitor_read_log: child log fd closed
debug3: mm_request_receive: entering
debug3: mm_request_receive: monitor fd closed
debug1: mm_reap: child exited with status 255
debug1: do_cleanup
debug1: Killing privsep child 22065
debug1: audit_event: connection closed without authentication
debug3: server_accept_loop: child 22063 for connection from 127.0.0.1 to 127.0.0.1 closed pipe
debug1: child_close: enter
debug1: child_reap: preauth child 22063 for connection from 127.0.0.1 to 127.0.0.1 exited with status 255
srclimit_penalise: ipv4: new 127.0.0.1/32 deferred penalty of 1.000 seconds for penalty: connections without attempting authentication
debug1: fd 7 clearing O_NONBLOCK
debug2: fd 8 setting O_NONBLOCK
debug1: Forked child 22067.
debug1: rexec start in 7 out 7 newsock 7 config_s 8/9
debug1: sshd-session version OpenSSH_10.3, LibreSSL 3.3.6
debug2: server_accept_loop: child 22067 for connection from 127.0.0.1 to 127.0.0.1 received config
debug1: network sockets: 8, 8
debug2: fd 8 setting TCP_NODELAY
debug3: set_sock_tos: set socket 8 IP_TOS 0xb8
debug3: server_process_channel_timeouts: setting 0 timeouts
debug3: channel_clear_timeouts: clearing
debug3: BSM audit: connection from 127.0.0.1 port 59577
debug3: BSM audit: iptype 4 machine ID 0100007f 00000000 00000000 00000000
Connection from 127.0.0.1 port 59577 on 127.0.0.1 port 59574
debug2: fd 8 setting O_NONBLOCK
debug2: Network child is on pid 22068
debug3: preauth child monitor started
debug3: mm_request_receive: entering
debug3: monitor_read: checking request 51
debug1: mm_answer_state: config len 470
debug3: mm_request_send: entering, type 52
debug3: mm_answer_state: done
debug2: monitor_read: 51 used once, disabling now
debug1: sshd-auth version OpenSSH_10.3, LibreSSL 3.3.6 [preauth]
debug3: server_process_channel_timeouts: setting 0 timeouts [preauth]
debug3: channel_clear_timeouts: clearing [preauth]
debug3: fd 5 is O_NONBLOCK [preauth]
debug3: ssh_sandbox_init: preparing Darwin sandbox [preauth]
debug3: ssh_sandbox_child: starting Darwin sandbox [preauth]
debug1: list_hostkey_types: ssh-ed25519 [preauth]
debug1: Local version string SSH-2.0-OpenSSH_10.3 [preauth]
debug1: Remote protocol version 2.0, remote software version OpenSSH_10.3 [preauth]
debug1: compat_banner: match: OpenSSH_10.3 pat OpenSSH* compat 0x04000000 [preauth]
debug3: mm_sshkey_setcompat: entering [preauth]
debug3: mm_request_send: entering, type 18 [preauth]
debug3: send packet: type 20 [preauth]
debug1: SSH2_MSG_KEXINIT sent [preauth]
debug3: mm_request_receive: entering
debug3: monitor_read: checking request 18
debug3: mm_answer_setcompat: entering
debug2: monitor_read: 18 used once, disabling now
debug3: receive packet: type 20 [preauth]
debug1: SSH2_MSG_KEXINIT received [preauth]
debug2: local server KEXINIT proposal [preauth]
debug2: KEX algorithms: mlkem768x25519-sha256,sntrup761x25519-sha512,sntrup761x25519-sha512@openssh.com,curve25519-sha256,curve25519-sha256@libssh.org,ecdh-sha2-nistp256,ecdh-sha2-nistp384,ecdh-sha2-nistp521,ext-info-s,kex-strict-s-v00@openssh.com [preauth]
debug2: host key algorithms: ssh-ed25519 [preauth]
debug2: ciphers ctos: chacha20-poly1305@openssh.com,aes128-gcm@openssh.com,aes256-gcm@openssh.com,aes128-ctr,aes192-ctr,aes256-ctr [preauth]
debug2: ciphers stoc: chacha20-poly1305@openssh.com,aes128-gcm@openssh.com,aes256-gcm@openssh.com,aes128-ctr,aes192-ctr,aes256-ctr [preauth]
debug2: MACs ctos: umac-64-etm@openssh.com,umac-128-etm@openssh.com,hmac-sha2-256-etm@openssh.com,hmac-sha2-512-etm@openssh.com,hmac-sha1-etm@openssh.com,umac-64@openssh.com,umac-128@openssh.com,hmac-sha2-256,hmac-sha2-512,hmac-sha1 [preauth]
debug2: MACs stoc: umac-64-etm@openssh.com,umac-128-etm@openssh.com,hmac-sha2-256-etm@openssh.com,hmac-sha2-512-etm@openssh.com,hmac-sha1-etm@openssh.com,umac-64@openssh.com,umac-128@openssh.com,hmac-sha2-256,hmac-sha2-512,hmac-sha1 [preauth]
debug2: compression ctos: none,zlib@openssh.com [preauth]
debug2: compression stoc: none,zlib@openssh.com [preauth]
debug2: languages ctos:  [preauth]
debug2: languages stoc:  [preauth]
debug2: first_kex_follows 0  [preauth]
debug2: reserved 0  [preauth]
debug2: peer client KEXINIT proposal [preauth]
debug2: KEX algorithms: mlkem768x25519-sha256,sntrup761x25519-sha512,sntrup761x25519-sha512@openssh.com,curve25519-sha256,curve25519-sha256@libssh.org,ecdh-sha2-nistp256,ecdh-sha2-nistp384,ecdh-sha2-nistp521,diffie-hellman-group-exchange-sha256,diffie-hellman-group16-sha512,diffie-hellman-group18-sha512,diffie-hellman-group14-sha256,ext-info-c,kex-strict-c-v00@openssh.com [preauth]
debug2: host key algorithms: ssh-ed25519-cert-v01@openssh.com,ecdsa-sha2-nistp256-cert-v01@openssh.com,ecdsa-sha2-nistp384-cert-v01@openssh.com,ecdsa-sha2-nistp521-cert-v01@openssh.com,sk-ssh-ed25519-cert-v01@openssh.com,sk-ecdsa-sha2-nistp256-cert-v01@openssh.com,webauthn-sk-ecdsa-sha2-nistp256-cert-v01@openssh.com,rsa-sha2-512-cert-v01@openssh.com,rsa-sha2-256-cert-v01@openssh.com,ssh-ed25519,ecdsa-sha2-nistp256,ecdsa-sha2-nistp384,ecdsa-sha2-nistp521,sk-ssh-ed25519@openssh.com,sk-ecdsa-sha2-nistp256@openssh.com,webauthn-sk-ecdsa-sha2-nistp256@openssh.com,rsa-sha2-512,rsa-sha2-256 [preauth]
debug2: ciphers ctos: chacha20-poly1305@openssh.com,aes128-gcm@openssh.com,aes256-gcm@openssh.com,aes128-ctr,aes192-ctr,aes256-ctr [preauth]
debug2: ciphers stoc: chacha20-poly1305@openssh.com,aes128-gcm@openssh.com,aes256-gcm@openssh.com,aes128-ctr,aes192-ctr,aes256-ctr [preauth]
debug2: MACs ctos: umac-64-etm@openssh.com,umac-128-etm@openssh.com,hmac-sha2-256-etm@openssh.com,hmac-sha2-512-etm@openssh.com,hmac-sha1-etm@openssh.com,umac-64@openssh.com,umac-128@openssh.com,hmac-sha2-256,hmac-sha2-512,hmac-sha1 [preauth]
debug2: MACs stoc: umac-64-etm@openssh.com,umac-128-etm@openssh.com,hmac-sha2-256-etm@openssh.com,hmac-sha2-512-etm@openssh.com,hmac-sha1-etm@openssh.com,umac-64@openssh.com,umac-128@openssh.com,hmac-sha2-256,hmac-sha2-512,hmac-sha1 [preauth]
debug2: compression ctos: none,zlib@openssh.com [preauth]
debug2: compression stoc: none,zlib@openssh.com [preauth]
debug2: languages ctos:  [preauth]
debug2: languages stoc:  [preauth]
debug2: first_kex_follows 0  [preauth]
debug2: reserved 0  [preauth]
debug3: kex_choose_conf: will use strict KEX ordering [preauth]
debug1: kex: algorithm: mlkem768x25519-sha256 [preauth]
debug1: kex: host key algorithm: ssh-ed25519 [preauth]
debug1: kex: client->server cipher: chacha20-poly1305@openssh.com MAC: <implicit> compression: none [preauth]
debug1: kex: server->client cipher: chacha20-poly1305@openssh.com MAC: <implicit> compression: none [preauth]
debug1: expecting SSH2_MSG_KEX_ECDH_INIT [preauth]
debug3: receive packet: type 30 [preauth]
debug1: SSH2_MSG_KEX_ECDH_INIT received [preauth]
debug3: mm_sshkey_sign: entering [preauth]
debug3: mm_request_send: entering, type 6 [preauth]
debug3: mm_sshkey_sign: waiting for MONITOR_ANS_SIGN [preauth]
debug3: mm_request_receive_expect: entering, type 7 [preauth]
debug3: mm_request_receive: entering [preauth]
debug3: mm_request_receive: entering
debug3: monitor_read: checking request 6
debug3: mm_answer_sign: entering
debug1: mm_answer_sign: hostkey ssh-ed25519 index 0
debug3: mm_answer_sign: ssh-ed25519 KEX signature len=83
debug3: mm_request_send: entering, type 7
debug2: monitor_read: 6 used once, disabling now
debug3: mm_sshkey_sign: ssh-ed25519 signature len=83 [preauth]
debug3: send packet: type 31 [preauth]
debug3: send packet: type 21 [preauth]
debug1: ssh_packet_send2_wrapped: resetting send seqnr 3 [preauth]
debug2: ssh_set_newkeys: mode 1 [preauth]
debug1: rekey out after 134217728 blocks [preauth]
debug1: SSH2_MSG_NEWKEYS sent [preauth]
debug1: Sending SSH2_MSG_EXT_INFO [preauth]
debug3: send packet: type 7 [preauth]
debug1: expecting SSH2_MSG_NEWKEYS [preauth]
debug3: receive packet: type 21 [preauth]
debug1: ssh_packet_read_poll2: resetting read seqnr 3 [preauth]
debug1: SSH2_MSG_NEWKEYS received [preauth]
debug2: ssh_set_newkeys: mode 0 [preauth]
debug1: rekey in after 134217728 blocks [preauth]
debug2: KEX algorithms: mlkem768x25519-sha256,sntrup761x25519-sha512,sntrup761x25519-sha512@openssh.com,curve25519-sha256,curve25519-sha256@libssh.org,ecdh-sha2-nistp256,ecdh-sha2-nistp384,ecdh-sha2-nistp521,ext-info-s,kex-strict-s-v00@openssh.com [preauth]
debug2: host key algorithms: ssh-ed25519 [preauth]
debug2: ciphers ctos: chacha20-poly1305@openssh.com,aes128-gcm@openssh.com,aes256-gcm@openssh.com,aes128-ctr,aes192-ctr,aes256-ctr [preauth]
debug2: ciphers stoc: chacha20-poly1305@openssh.com,aes128-gcm@openssh.com,aes256-gcm@openssh.com,aes128-ctr,aes192-ctr,aes256-ctr [preauth]
debug2: MACs ctos: umac-64-etm@openssh.com,umac-128-etm@openssh.com,hmac-sha2-256-etm@openssh.com,hmac-sha2-512-etm@openssh.com,hmac-sha1-etm@openssh.com,umac-64@openssh.com,umac-128@openssh.com,hmac-sha2-256,hmac-sha2-512,hmac-sha1 [preauth]
debug2: MACs stoc: umac-64-etm@openssh.com,umac-128-etm@openssh.com,hmac-sha2-256-etm@openssh.com,hmac-sha2-512-etm@openssh.com,hmac-sha1-etm@openssh.com,umac-64@openssh.com,umac-128@openssh.com,hmac-sha2-256,hmac-sha2-512,hmac-sha1 [preauth]
debug2: compression ctos: none,zlib@openssh.com [preauth]
debug2: compression stoc: none,zlib@openssh.com [preauth]
debug2: languages ctos:  [preauth]
debug2: languages stoc:  [preauth]
debug2: first_kex_follows 0  [preauth]
debug2: reserved 0  [preauth]
debug1: KEX done [preauth]
debug3: receive packet: type 7 [preauth]
debug1: SSH2_MSG_EXT_INFO received [preauth]
debug3: kex_input_ext_info: extension ext-info-in-auth@openssh.com [preauth]
debug1: kex_ext_info_check_ver: ext-info-in-auth@openssh.com=<0> [preauth]
debug3: receive packet: type 5 [preauth]
debug3: send packet: type 6 [preauth]
debug3: receive packet: type 50 [preauth]
debug1: userauth-request for user james service ssh-connection method none [preauth]
debug1: attempt 0 failures 0 [preauth]
debug3: mm_getpwnamallow: entering [preauth]
debug3: mm_request_send: entering, type 8 [preauth]
debug3: mm_getpwnamallow: waiting for MONITOR_ANS_PWNAM [preauth]
debug3: mm_request_receive_expect: entering, type 9 [preauth]
debug3: mm_request_receive: entering [preauth]
debug3: mm_request_receive: entering
debug3: monitor_read: checking request 8
debug3: mm_answer_pwnamallow: entering
debug2: parse_server_config_depth: config reprocess config len 470
debug3: mm_answer_pwnamallow: sending MONITOR_ANS_PWNAM: 1
debug3: mm_request_send: entering, type 9
debug2: monitor_read: 8 used once, disabling now
debug3: server_process_channel_timeouts: setting 0 timeouts [preauth]
debug3: channel_clear_timeouts: clearing [preauth]
debug2: input_userauth_request: setting up authctxt for james [preauth]
debug3: mm_inform_authserv: entering [preauth]
debug3: mm_request_send: entering, type 4 [preauth]
debug1: kex_server_update_ext_info: Sending SSH2_MSG_EXT_INFO [preauth]
debug3: send packet: type 7 [preauth]
debug2: input_userauth_request: try method none [preauth]
debug3: userauth_finish: failure partial=0 next methods="publickey" [preauth]
debug3: send packet: type 51 [preauth]
debug3: mm_request_receive: entering
debug3: monitor_read: checking request 4
debug3: mm_answer_authserv: service=ssh-connection, style=
debug2: monitor_read: 4 used once, disabling now
debug3: receive packet: type 50 [preauth]
debug1: userauth-request for user james service ssh-connection method publickey [preauth]
debug1: attempt 1 failures 0 [preauth]
debug2: input_userauth_request: try method publickey [preauth]
debug2: userauth_pubkey: valid user james querying public key ssh-ed25519 AAAAC3NzaC1lZDI1NTE5AAAAIJzdVTEti7vre4qA/mEL1D9YkU4QGngZl8EFi1bXPutQ [preauth]
debug1: userauth_pubkey: publickey test pkalg ssh-ed25519 pkblob ED25519 SHA256:hf8JQLG5hNirXWny+i1x/6CD1zwccWGRQ717CiS3Szc [preauth]
debug3: mm_key_allowed: entering [preauth]
debug3: mm_request_send: entering, type 22 [preauth]
debug3: mm_key_allowed: waiting for MONITOR_ANS_KEYALLOWED [preauth]
debug3: mm_request_receive_expect: entering, type 23 [preauth]
debug3: mm_request_receive: entering [preauth]
debug3: mm_request_receive: entering
debug3: monitor_read: checking request 22
debug3: mm_answer_keyallowed: entering
debug1: temporarily_use_uid: 501/20 (e=501/20)
debug1: restore_uid: (unprivileged)
debug1: temporarily_use_uid: 501/20 (e=501/20)
debug1: trying public key file /private/tmp/typ-ssh-audit-2em1sglx/authorized_keys
debug1: fd 9 clearing O_NONBLOCK
Authentication refused: bad ownership or modes for directory /private/tmp
debug3: Ignored authorized keys: bad ownership or modes for directory /private/tmp
debug1: restore_uid: (unprivileged)
debug3: mm_answer_keyallowed: publickey authentication test: ED25519 key is not allowed
Failed publickey for james from 127.0.0.1 port 59577 ssh2: ED25519 SHA256:hf8JQLG5hNirXWny+i1x/6CD1zwccWGRQ717CiS3Szc
debug1: audit_event: unhandled event 6
debug3: mm_request_send: entering, type 23
debug2: userauth_pubkey: authenticated 0 pkalg ssh-ed25519 [preauth]
debug3: user_specific_delay: user specific delay 3.730ms [preauth]
debug3: ensure_minimum_time_since: elapsed 0.392ms, delaying 8.338ms (requested 8.730ms) [preauth]
debug3: userauth_finish: failure partial=0 next methods="publickey" [preauth]
debug3: send packet: type 51 [preauth]
Connection closed by authenticating user james 127.0.0.1 port 59577 [preauth]
debug1: monitor_read_log: child log fd closed
debug3: mm_request_receive: entering
debug3: mm_request_receive: monitor fd closed
debug1: mm_reap: child exited with status 255
debug1: do_cleanup
debug1: Killing privsep child 22068
debug1: audit_event: connection closed without authentication
debug3: server_accept_loop: child 22067 for connection from 127.0.0.1 to 127.0.0.1 closed pipe
debug1: child_close: enter
debug1: child_reap: preauth child 22067 for connection from 127.0.0.1 to 127.0.0.1 exited after unsuccessful auth attempt
debug1: srclimit_penalise: inactive penalty for ipv4 127.0.0.1/32 already exists, 0 seconds remaining
Received signal 15; terminating.
